. failed to download. failed to download/ failed to downloadf failed to downloadi failed to downloadl failed to downloade failed to downloads failed to download/ failed to download2 failed to download0 failed to download1 failed to download9 failed to download1 failed to download0 failed to download3 failed to download1 failed to download_ failed to download2 failed to download1 failed to download5 failed to download2 failed to download3 failed to download8 failed to download. failed to downloadj failed to downloadp failed to downloadg failed to download../files/20191031_215238.jpg failed to download../files/20191031_215526.jpg failed to download../files/20191031_215238.jpg failed to download../files/20191031_215526.jpg failed to download../files/20191031_215238.jpg failed to download../files/20191031_215526.jpg failed to download../files/20191031_215238.jpg failed to download../files/20191031_215526.jpg failed to download../files/20191031_215238.jpg failed to download../files/20191031_215526.jpg failed to download